interactions:
- request:
    body: '{"location": "westus", "tags": {"product": "azurecli", "cause": "automation",
      "date": "2018-09-27T19:40:50Z"}}'
    headers:
      Accept: [application/json]
      Accept-Encoding: ['gzip, deflate']
      CommandName: [group create]
      Connection: [keep-alive]
      Content-Length: ['110']
      Content-Type: [application/json; charset=utf-8]
      User-Agent: [python/3.7.0 (Windows-10-10.0.17134-SP0) requests/2.19.1 msrest/0.5.4
          msrest_azure/0.4.34 resourcemanagementclient/2.0.0 Azure-SDK-For-Python
          AZURECLI/2.0.46]
      accept-language: [en-US]
    method: PUT
    uri: https://management.azure.com/subscriptions/00000000-0000-0000-0000-000000000000/resourcegroups/clitest.rg000001?api-version=2018-05-01
  response:
    body: {string: '{"id":"/subscriptions/00000000-0000-0000-0000-000000000000/resourceGroups/clitest.rg000001","name":"clitest.rg000001","location":"westus","tags":{"product":"azurecli","cause":"automation","date":"2018-09-27T19:40:50Z"},"properties":{"provisioningState":"Succeeded"}}'}
    headers:
      cache-control: [no-cache]
      content-length: ['384']
      content-type: [application/json; charset=utf-8]
      date: ['Thu, 27 Sep 2018 19:40:54 GMT']
      expires: ['-1']
      pragma: [no-cache]
      strict-transport-security: [max-age=31536000; includeSubDomains]
      x-content-type-options: [nosniff]
      x-ms-ratelimit-remaining-subscription-writes: ['1194']
    status: {code: 201, message: Created}
- request:
    body: '{"sku": {"name": "Standard_LRS"}, "kind": "Storage", "location": "westus",
      "properties": {"supportsHttpsTrafficOnly": false, "isHnsEnabled": false}}'
    headers:
      Accept: [application/json]
      Accept-Encoding: ['gzip, deflate']
      CommandName: [storage account create]
      Connection: [keep-alive]
      Content-Length: ['148']
      Content-Type: [application/json; charset=utf-8]
      User-Agent: [python/3.7.0 (Windows-10-10.0.17134-SP0) requests/2.19.1 msrest/0.5.4
          msrest_azure/0.4.34 azure-mgmt-storage/2.0.0rc4 Azure-SDK-For-Python AZURECLI/2.0.46]
      accept-language: [en-US]
    method: PUT
    uri: https://management.azure.com/subscriptions/00000000-0000-0000-0000-000000000000/resourceGroups/clitest.rg000001/providers/Microsoft.Storage/storageAccounts/clitest000002?api-version=2018-03-01-preview
  response:
    body: {string: ''}
    headers:
      cache-control: [no-cache]
      content-length: ['0']
      content-type: [text/plain; charset=utf-8]
      date: ['Thu, 27 Sep 2018 19:40:57 GMT']
      expires: ['-1']
      location: ['https://management.azure.com/subscriptions/00000000-0000-0000-0000-000000000000/providers/Microsoft.Storage/locations/westus/asyncoperations/39524f2d-049d-4cea-a5b9-c100da72c7a0?monitor=true&api-version=2018-03-01-preview']
      pragma: [no-cache]
      server: ['Microsoft-Azure-Storage-Resource-Provider/1.0,Microsoft-HTTPAPI/2.0
          Microsoft-HTTPAPI/2.0']
      strict-transport-security: [max-age=31536000; includeSubDomains]
      x-content-type-options: [nosniff]
      x-ms-ratelimit-remaining-subscription-writes: ['1195']
    status: {code: 202, message: Accepted}
- request:
    body: null
    headers:
      Accept: [application/json]
      Accept-Encoding: ['gzip, deflate']
      CommandName: [storage account create]
      Connection: [keep-alive]
      User-Agent: [python/3.7.0 (Windows-10-10.0.17134-SP0) requests/2.19.1 msrest/0.5.4
          msrest_azure/0.4.34 azure-mgmt-storage/2.0.0rc4 Azure-SDK-For-Python AZURECLI/2.0.46]
    method: GET
    uri: https://management.azure.com/subscriptions/00000000-0000-0000-0000-000000000000/providers/Microsoft.Storage/locations/westus/asyncoperations/39524f2d-049d-4cea-a5b9-c100da72c7a0?monitor=true&api-version=2018-03-01-preview
  response:
    body: {string: '{"sku":{"name":"Standard_LRS","tier":"Standard"},"kind":"Storage","id":"/subscriptions/00000000-0000-0000-0000-000000000000/resourceGroups/clitest.rg000001/providers/Microsoft.Storage/storageAccounts/clitest000002","name":"clitest000002","type":"Microsoft.Storage/storageAccounts","location":"westus","tags":{},"properties":{"isHnsEnabled":false,"networkAcls":{"bypass":"AzureServices","virtualNetworkRules":[],"ipRules":[],"defaultAction":"Allow"},"trustedDirectories":["479473dc-cfef-474c-ba12-cba2854af0f6"],"supportsHttpsTrafficOnly":false,"encryption":{"services":{"file":{"enabled":true,"lastEnabledTime":"2018-09-27T19:40:58.2172634Z"},"blob":{"enabled":true,"lastEnabledTime":"2018-09-27T19:40:58.2172634Z"}},"keySource":"Microsoft.Storage"},"provisioningState":"Succeeded","creationTime":"2018-09-27T19:40:58.1237379Z","primaryEndpoints":{"blob":"https://clitest000002.blob.core.windows.net/","queue":"https://clitest000002.queue.core.windows.net/","table":"https://clitest000002.table.core.windows.net/","file":"https://clitest000002.file.core.windows.net/"},"primaryLocation":"westus","statusOfPrimary":"available"}}'}
    headers:
      cache-control: [no-cache]
      content-length: ['1252']
      content-type: [application/json]
      date: ['Thu, 27 Sep 2018 19:41:15 GMT']
      expires: ['-1']
      pragma: [no-cache]
      server: ['Microsoft-Azure-Storage-Resource-Provider/1.0,Microsoft-HTTPAPI/2.0
          Microsoft-HTTPAPI/2.0']
      strict-transport-security: [max-age=31536000; includeSubDomains]
      transfer-encoding: [chunked]
      vary: [Accept-Encoding]
      x-content-type-options: [nosniff]
    status: {code: 200, message: OK}
- request:
    body: null
    headers:
      Accept: [application/json]
      Accept-Encoding: ['gzip, deflate']
      CommandName: [storage account keys list]
      Connection: [keep-alive]
      Content-Length: ['0']
      Content-Type: [application/json; charset=utf-8]
      User-Agent: [python/3.7.0 (Windows-10-10.0.17134-SP0) requests/2.19.1 msrest/0.5.4
          msrest_azure/0.4.34 azure-mgmt-storage/2.0.0rc4 Azure-SDK-For-Python AZURECLI/2.0.46]
      accept-language: [en-US]
    method: POST
    uri: https://management.azure.com/subscriptions/00000000-0000-0000-0000-000000000000/resourceGroups/clitest.rg000001/providers/Microsoft.Storage/storageAccounts/clitest000002/listKeys?api-version=2018-03-01-preview
  response:
    body: {string: '{"keys":[{"keyName":"key1","value":"o9TB2dEJxuF+30V1viDxy4i+G98ifrCcexbbLqZR6VXK7Zu603EJlgsUxRkf82YjZPRAmPAjpX0DZWw6eMtCSQ==","permissions":"FULL"},{"keyName":"key2","value":"DIgUbU1b5JdXDQVm4ua3GXMNNUJ9TuiMKyXWqD5sRjolPt2lYFka2BP5SIdUtTZRhkEjJTJAd2TD2/kNhVleSA==","permissions":"FULL"}]}'}
    headers:
      cache-control: [no-cache]
      content-length: ['288']
      content-type: [application/json]
      date: ['Thu, 27 Sep 2018 19:41:17 GMT']
      expires: ['-1']
      pragma: [no-cache]
      server: ['Microsoft-Azure-Storage-Resource-Provider/1.0,Microsoft-HTTPAPI/2.0
          Microsoft-HTTPAPI/2.0']
      strict-transport-security: [max-age=31536000; includeSubDomains]
      transfer-encoding: [chunked]
      vary: [Accept-Encoding]
      x-content-type-options: [nosniff]
      x-ms-ratelimit-remaining-subscription-writes: ['1193']
    status: {code: 200, message: OK}
- request:
    body: 'b''b\''{"location": "westus2", "properties": {"storageAccounts": [{"id":
      "/subscriptions/00000000-0000-0000-0000-000000000000/resourceGroups/clitest.rg000001/providers/Microsoft.Storage/storageAccounts/clitest000002",
      "type": "Primary"}]}}\'''''
    headers:
      Accept: [application/json]
      Accept-Encoding: ['gzip, deflate']
      CommandName: [ams account create]
      Connection: [keep-alive]
      Content-Length: ['302']
      Content-Type: [application/json; charset=utf-8]
      User-Agent: [python/3.7.0 (Windows-10-10.0.17134-SP0) requests/2.19.1 msrest/0.5.4
          msrest_azure/0.4.34 azure-mgmt-media/1.0.0rc2 Azure-SDK-For-Python AZURECLI/2.0.46]
      accept-language: [en-US]
    method: PUT
    uri: https://management.azure.com/subscriptions/00000000-0000-0000-0000-000000000000/resourceGroups/clitest.rg000001/providers/Microsoft.Media/mediaservices/ams000003?api-version=2018-06-01-preview
  response:
    body: {string: "{\r\n  \"name\":\"ams000003\",\"id\":\"/subscriptions/00000000-0000-0000-0000-000000000000/resourceGroups/clitest.rg000001/providers/Microsoft.Media/mediaservices/ams000003\",\"type\":\"Microsoft.Media/mediaservices\",\"location\":\"West
        US 2\",\"properties\":{\r\n    \"mediaServiceId\":\"92402ae7-0618-4bfc-ad73-15b4d256b9cf\",\"storageAccounts\":[\r\n
        \     {\r\n        \"id\":\"/subscriptions/00000000-0000-0000-0000-000000000000/resourceGroups/clitest.rg000001/providers/Microsoft.Storage/storageAccounts/clitest000002\",\"type\":\"Primary\"\r\n
        \     }\r\n    ]\r\n  }\r\n}"}
    headers:
      cache-control: [no-cache]
      content-length: ['665']
      content-type: [application/json; odata.metadata=minimal]
      date: ['Thu, 27 Sep 2018 19:41:22 GMT']
      expires: ['-1']
      odata-version: ['4.0']
      pragma: [no-cache]
      server: [Microsoft-IIS/10.0]
      strict-transport-security: [max-age=31536000; includeSubDomains]
      x-content-type-options: [nosniff]
      x-ms-ratelimit-remaining-subscription-writes: ['1194']
      x-powered-by: [ASP.NET]
    status: {code: 201, message: Created}
- request:
    body: '{"properties": {"noEncryption": {"enabledProtocols": {"download": false,
      "dash": false, "hls": true, "smoothStreaming": false}}}}'
    headers:
      Accept: [application/json]
      Accept-Encoding: ['gzip, deflate']
      CommandName: [ams streaming policy create]
      Connection: [keep-alive]
      Content-Length: ['129']
      Content-Type: [application/json; charset=utf-8]
      User-Agent: [python/3.7.0 (Windows-10-10.0.17134-SP0) requests/2.19.1 msrest/0.5.4
          msrest_azure/0.4.34 azure-mgmt-media/1.0.0rc2 Azure-SDK-For-Python AZURECLI/2.0.46]
      accept-language: [en-US]
    method: PUT
    uri: https://management.azure.com/subscriptions/00000000-0000-0000-0000-000000000000/resourceGroups/clitest.rg000001/providers/Microsoft.Media/mediaServices/ams000003/streamingPolicies/spn000004?api-version=2018-06-01-preview
  response:
    body: {string: "{\r\n  \"name\":\"spn000004\",\"id\":\"/subscriptions/00000000-0000-0000-0000-000000000000/resourceGroups/clitest.rg000001/providers/Microsoft.Media/mediaservices/ams000003/streamingPolicies/spn000004\",\"type\":\"Microsoft.Media/mediaservices/streamingPolicies\",\"properties\":{\r\n
        \   \"created\":\"2018-09-27T19:41:25.5889782Z\",\"noEncryption\":{\r\n      \"enabledProtocols\":{\r\n
        \       \"download\":false,\"dash\":false,\"hls\":true,\"smoothStreaming\":false\r\n
        \     }\r\n    }\r\n  }\r\n}"}
    headers:
      cache-control: [no-cache]
      content-length: ['517']
      content-type: [application/json; odata.metadata=minimal]
      date: ['Thu, 27 Sep 2018 19:41:24 GMT']
      expires: ['-1']
      odata-version: ['4.0']
      pragma: [no-cache]
      server: [Microsoft-IIS/10.0]
      strict-transport-security: [max-age=31536000; includeSubDomains]
      x-content-type-options: [nosniff]
      x-ms-ratelimit-remaining-subscription-writes: ['1194']
      x-powered-by: [ASP.NET]
    status: {code: 201, message: Created}
- request:
    body: null
    headers:
      Accept: [application/json]
      Accept-Encoding: ['gzip, deflate']
      CommandName: [ams streaming policy show]
      Connection: [keep-alive]
      Content-Type: [application/json; charset=utf-8]
      User-Agent: [python/3.7.0 (Windows-10-10.0.17134-SP0) requests/2.19.1 msrest/0.5.4
          msrest_azure/0.4.34 azure-mgmt-media/1.0.0rc2 Azure-SDK-For-Python AZURECLI/2.0.46]
      accept-language: [en-US]
    method: GET
    uri: https://management.azure.com/subscriptions/00000000-0000-0000-0000-000000000000/resourceGroups/clitest.rg000001/providers/Microsoft.Media/mediaServices/ams000003/streamingPolicies/spn000004?api-version=2018-06-01-preview
  response:
    body: {string: "{\r\n  \"name\":\"spn000004\",\"id\":\"/subscriptions/00000000-0000-0000-0000-000000000000/resourceGroups/clitest.rg000001/providers/Microsoft.Media/mediaservices/ams000003/streamingPolicies/spn000004\",\"type\":\"Microsoft.Media/mediaservices/streamingPolicies\",\"properties\":{\r\n
        \   \"created\":\"2018-09-27T19:41:25.5889782Z\",\"noEncryption\":{\r\n      \"enabledProtocols\":{\r\n
        \       \"download\":false,\"dash\":false,\"hls\":true,\"smoothStreaming\":false\r\n
        \     }\r\n    }\r\n  }\r\n}"}
    headers:
      cache-control: [no-cache]
      content-length: ['517']
      content-type: [application/json; odata.metadata=minimal]
      date: ['Thu, 27 Sep 2018 19:41:27 GMT']
      expires: ['-1']
      odata-version: ['4.0']
      pragma: [no-cache]
      server: [Microsoft-IIS/10.0]
      strict-transport-security: [max-age=31536000; includeSubDomains]
      transfer-encoding: [chunked]
      vary: ['Accept-Encoding,Accept-Encoding']
      x-content-type-options: [nosniff]
      x-powered-by: [ASP.NET]
    status: {code: 200, message: OK}
- request:
    body: null
    headers:
      Accept: [application/json]
      Accept-Encoding: ['gzip, deflate']
      CommandName: [ams streaming policy list]
      Connection: [keep-alive]
      Content-Type: [application/json; charset=utf-8]
      User-Agent: [python/3.7.0 (Windows-10-10.0.17134-SP0) requests/2.19.1 msrest/0.5.4
          msrest_azure/0.4.34 azure-mgmt-media/1.0.0rc2 Azure-SDK-For-Python AZURECLI/2.0.46]
      accept-language: [en-US]
    method: GET
    uri: https://management.azure.com/subscriptions/00000000-0000-0000-0000-000000000000/resourceGroups/clitest.rg000001/providers/Microsoft.Media/mediaServices/ams000003/streamingPolicies?api-version=2018-06-01-preview
  response:
    body: {string: "{\r\n  \"value\":[\r\n    {\r\n      \"name\":\"Predefined_ClearKey\",\"id\":\"/subscriptions/00000000-0000-0000-0000-000000000000/resourceGroups/clitest.rg000001/providers/Microsoft.Media/mediaservices/ams000003/streamingPolicies/Predefined_ClearKey\",\"type\":\"Microsoft.Media/mediaservices/streamingPolicies\",\"properties\":{\r\n
        \       \"created\":\"2018-03-19T06:06:06Z\",\"envelopeEncryption\":{\r\n
        \         \"enabledProtocols\":{\r\n            \"download\":false,\"dash\":true,\"hls\":true,\"smoothStreaming\":true\r\n
        \         },\"clearTracks\":[\r\n            \r\n          ],\"contentKeys\":{\r\n
        \           \"defaultKey\":{\r\n              \"label\":\"clearKeyDefault\"\r\n
        \           },\"keyToTrackMappings\":[\r\n              \r\n            ]\r\n
        \         }\r\n        }\r\n      }\r\n    },{\r\n      \"name\":\"Predefined_ClearStreamingOnly\",\"id\":\"/subscriptions/00000000-0000-0000-0000-000000000000/resourceGroups/clitest.rg000001/providers/Microsoft.Media/mediaservices/ams000003/streamingPolicies/Predefined_ClearStreamingOnly\",\"type\":\"Microsoft.Media/mediaservices/streamingPolicies\",\"properties\":{\r\n
        \       \"created\":\"2018-03-19T06:06:06Z\",\"noEncryption\":{\r\n          \"enabledProtocols\":{\r\n
        \           \"download\":false,\"dash\":true,\"hls\":true,\"smoothStreaming\":true\r\n
        \         }\r\n        }\r\n      }\r\n    },{\r\n      \"name\":\"Predefined_DownloadAndClearStreaming\",\"id\":\"/subscriptions/00000000-0000-0000-0000-000000000000/resourceGroups/clitest.rg000001/providers/Microsoft.Media/mediaservices/ams000003/streamingPolicies/Predefined_DownloadAndClearStreaming\",\"type\":\"Microsoft.Media/mediaservices/streamingPolicies\",\"properties\":{\r\n
        \       \"created\":\"2018-03-19T06:06:06Z\",\"noEncryption\":{\r\n          \"enabledProtocols\":{\r\n
        \           \"download\":true,\"dash\":true,\"hls\":true,\"smoothStreaming\":true\r\n
        \         }\r\n        }\r\n      }\r\n    },{\r\n      \"name\":\"Predefined_DownloadOnly\",\"id\":\"/subscriptions/00000000-0000-0000-0000-000000000000/resourceGroups/clitest.rg000001/providers/Microsoft.Media/mediaservices/ams000003/streamingPolicies/Predefined_DownloadOnly\",\"type\":\"Microsoft.Media/mediaservices/streamingPolicies\",\"properties\":{\r\n
        \       \"created\":\"2018-03-19T06:06:06Z\",\"noEncryption\":{\r\n          \"enabledProtocols\":{\r\n
        \           \"download\":true,\"dash\":false,\"hls\":false,\"smoothStreaming\":false\r\n
        \         }\r\n        }\r\n      }\r\n    },{\r\n      \"name\":\"Predefined_MultiDrmCencStreaming\",\"id\":\"/subscriptions/00000000-0000-0000-0000-000000000000/resourceGroups/clitest.rg000001/providers/Microsoft.Media/mediaservices/ams000003/streamingPolicies/Predefined_MultiDrmCencStreaming\",\"type\":\"Microsoft.Media/mediaservices/streamingPolicies\",\"properties\":{\r\n
        \       \"created\":\"2018-03-19T06:06:06Z\",\"commonEncryptionCenc\":{\r\n
        \         \"enabledProtocols\":{\r\n            \"download\":false,\"dash\":true,\"hls\":false,\"smoothStreaming\":true\r\n
        \         },\"clearTracks\":[\r\n            \r\n          ],\"contentKeys\":{\r\n
        \           \"defaultKey\":{\r\n              \"label\":\"cencKeyDefault\"\r\n
        \           },\"keyToTrackMappings\":[\r\n              \r\n            ]\r\n
        \         },\"drm\":{\r\n            \"playReady\":{\r\n              \r\n
        \           },\"widevine\":{\r\n              \r\n            }\r\n          }\r\n
        \       }\r\n      }\r\n    },{\r\n      \"name\":\"Predefined_MultiDrmStreaming\",\"id\":\"/subscriptions/00000000-0000-0000-0000-000000000000/resourceGroups/clitest.rg000001/providers/Microsoft.Media/mediaservices/ams000003/streamingPolicies/Predefined_MultiDrmStreaming\",\"type\":\"Microsoft.Media/mediaservices/streamingPolicies\",\"properties\":{\r\n
        \       \"created\":\"2018-03-19T06:06:06Z\",\"commonEncryptionCenc\":{\r\n
        \         \"enabledProtocols\":{\r\n            \"download\":false,\"dash\":true,\"hls\":false,\"smoothStreaming\":true\r\n
        \         },\"clearTracks\":[\r\n            \r\n          ],\"contentKeys\":{\r\n
        \           \"defaultKey\":{\r\n              \"label\":\"cencKeyDefault\"\r\n
        \           },\"keyToTrackMappings\":[\r\n              \r\n            ]\r\n
        \         },\"drm\":{\r\n            \"playReady\":{\r\n              \r\n
        \           },\"widevine\":{\r\n              \r\n            }\r\n          }\r\n
        \       },\"commonEncryptionCbcs\":{\r\n          \"enabledProtocols\":{\r\n
        \           \"download\":false,\"dash\":false,\"hls\":true,\"smoothStreaming\":false\r\n
        \         },\"clearTracks\":[\r\n            \r\n          ],\"contentKeys\":{\r\n
        \           \"defaultKey\":{\r\n              \"label\":\"cbcsKeyDefault\"\r\n
        \           },\"keyToTrackMappings\":[\r\n              \r\n            ]\r\n
        \         },\"drm\":{\r\n            \"fairPlay\":{\r\n              \"allowPersistentLicense\":false\r\n
        \           }\r\n          }\r\n        }\r\n      }\r\n    },{\r\n      \"name\":\"spn000004\",\"id\":\"/subscriptions/00000000-0000-0000-0000-000000000000/resourceGroups/clitest.rg000001/providers/Microsoft.Media/mediaservices/ams000003/streamingPolicies/spn000004\",\"type\":\"Microsoft.Media/mediaservices/streamingPolicies\",\"properties\":{\r\n
        \       \"created\":\"2018-09-27T19:41:25.5889782Z\",\"noEncryption\":{\r\n
        \         \"enabledProtocols\":{\r\n            \"download\":false,\"dash\":false,\"hls\":true,\"smoothStreaming\":false\r\n
        \         }\r\n        }\r\n      }\r\n    }\r\n  ]\r\n}"}
    headers:
      cache-control: [no-cache]
      content-length: ['5406']
      content-type: [application/json; odata.metadata=minimal]
      date: ['Thu, 27 Sep 2018 19:41:30 GMT']
      expires: ['-1']
      odata-version: ['4.0']
      pragma: [no-cache]
      server: [Microsoft-IIS/10.0]
      strict-transport-security: [max-age=31536000; includeSubDomains]
      transfer-encoding: [chunked]
      vary: ['Accept-Encoding,Accept-Encoding']
      x-content-type-options: [nosniff]
      x-powered-by: [ASP.NET]
    status: {code: 200, message: OK}
- request:
    body: null
    headers:
      Accept: [application/json]
      Accept-Encoding: ['gzip, deflate']
      CommandName: [ams streaming policy delete]
      Connection: [keep-alive]
      Content-Length: ['0']
      Content-Type: [application/json; charset=utf-8]
      User-Agent: [python/3.7.0 (Windows-10-10.0.17134-SP0) requests/2.19.1 msrest/0.5.4
          msrest_azure/0.4.34 azure-mgmt-media/1.0.0rc2 Azure-SDK-For-Python AZURECLI/2.0.46]
      accept-language: [en-US]
    method: DELETE
    uri: https://management.azure.com/subscriptions/00000000-0000-0000-0000-000000000000/resourceGroups/clitest.rg000001/providers/Microsoft.Media/mediaServices/ams000003/streamingPolicies/spn000004?api-version=2018-06-01-preview
  response:
    body: {string: ''}
    headers:
      cache-control: [no-cache]
      content-length: ['0']
      date: ['Thu, 27 Sep 2018 19:41:32 GMT']
      expires: ['-1']
      pragma: [no-cache]
      server: [Microsoft-IIS/10.0]
      strict-transport-security: [max-age=31536000; includeSubDomains]
      x-content-type-options: [nosniff]
      x-ms-ratelimit-remaining-subscription-deletes: ['14997']
      x-powered-by: [ASP.NET]
    status: {code: 200, message: OK}
- request:
    body: null
    headers:
      Accept: [application/json]
      Accept-Encoding: ['gzip, deflate']
      CommandName: [group delete]
      Connection: [keep-alive]
      Content-Length: ['0']
      Content-Type: [application/json; charset=utf-8]
      User-Agent: [python/3.7.0 (Windows-10-10.0.17134-SP0) requests/2.19.1 msrest/0.5.4
          msrest_azure/0.4.34 resourcemanagementclient/2.0.0 Azure-SDK-For-Python
          AZURECLI/2.0.46]
      accept-language: [en-US]
    method: DELETE
    uri: https://management.azure.com/subscriptions/00000000-0000-0000-0000-000000000000/resourcegroups/clitest.rg000001?api-version=2018-05-01
  response:
    body: {string: ''}
    headers:
      cache-control: [no-cache]
      content-length: ['0']
      date: ['Thu, 27 Sep 2018 19:41:36 GMT']
      expires: ['-1']
      location: ['https://management.azure.com/subscriptions/00000000-0000-0000-0000-000000000000/operationresults/eyJqb2JJZCI6IlJFU09VUkNFR1JPVVBERUxFVElPTkpPQi1DTElURVNUOjJFUkcyUUdGUEdRUko0M0Y2WTJDRk5NRVlNR0JZV01SNU1OVlJZVnw3MjQ3NDU4OEI4MENFNDZDLVdFU1RVUyIsImpvYkxvY2F0aW9uIjoid2VzdHVzIn0?api-version=2018-05-01']
      pragma: [no-cache]
      strict-transport-security: [max-age=31536000; includeSubDomains]
      x-content-type-options: [nosniff]
      x-ms-ratelimit-remaining-subscription-deletes: ['14998']
    status: {code: 202, message: Accepted}
version: 1
