interactions:
- request:
    body: '{"location": "westus", "tags": {"product": "azurecli", "cause": "automation",
      "date": "2018-09-24T16:43:52Z"}}'
    headers:
      Accept: [application/json]
      Accept-Encoding: ['gzip, deflate']
      CommandName: [group create]
      Connection: [keep-alive]
      Content-Length: ['110']
      Content-Type: [application/json; charset=utf-8]
      User-Agent: [python/3.7.0 (Windows-10-10.0.17134-SP0) requests/2.19.1 msrest/0.5.4
          msrest_azure/0.4.34 resourcemanagementclient/2.0.0 Azure-SDK-For-Python
          AZURECLI/2.0.46]
      accept-language: [en-US]
    method: PUT
    uri: https://management.azure.com/subscriptions/00000000-0000-0000-0000-000000000000/resourcegroups/clitest.rg000001?api-version=2018-05-01
  response:
    body: {string: '{"id":"/subscriptions/00000000-0000-0000-0000-000000000000/resourceGroups/clitest.rg000001","name":"clitest.rg000001","location":"westus","tags":{"product":"azurecli","cause":"automation","date":"2018-09-24T16:43:52Z"},"properties":{"provisioningState":"Succeeded"}}'}
    headers:
      cache-control: [no-cache]
      content-length: ['384']
      content-type: [application/json; charset=utf-8]
      date: ['Mon, 24 Sep 2018 16:43:52 GMT']
      expires: ['-1']
      pragma: [no-cache]
      strict-transport-security: [max-age=31536000; includeSubDomains]
      x-content-type-options: [nosniff]
      x-ms-ratelimit-remaining-subscription-writes: ['1199']
    status: {code: 201, message: Created}
- request:
    body: '{"sku": {"name": "Standard_LRS"}, "kind": "Storage", "location": "westus",
      "properties": {"supportsHttpsTrafficOnly": false, "isHnsEnabled": false}}'
    headers:
      Accept: [application/json]
      Accept-Encoding: ['gzip, deflate']
      CommandName: [storage account create]
      Connection: [keep-alive]
      Content-Length: ['148']
      Content-Type: [application/json; charset=utf-8]
      User-Agent: [python/3.7.0 (Windows-10-10.0.17134-SP0) requests/2.19.1 msrest/0.5.4
          msrest_azure/0.4.34 azure-mgmt-storage/2.0.0rc4 Azure-SDK-For-Python AZURECLI/2.0.46]
      accept-language: [en-US]
    method: PUT
    uri: https://management.azure.com/subscriptions/00000000-0000-0000-0000-000000000000/resourceGroups/clitest.rg000001/providers/Microsoft.Storage/storageAccounts/clitest000002?api-version=2018-03-01-preview
  response:
    body: {string: ''}
    headers:
      cache-control: [no-cache]
      content-length: ['0']
      content-type: [text/plain; charset=utf-8]
      date: ['Mon, 24 Sep 2018 16:43:54 GMT']
      expires: ['-1']
      location: ['https://management.azure.com/subscriptions/00000000-0000-0000-0000-000000000000/providers/Microsoft.Storage/locations/westus/asyncoperations/606f1d3b-dd8d-4be5-ae1d-90d5a6eb98b4?monitor=true&api-version=2018-03-01-preview']
      pragma: [no-cache]
      server: ['Microsoft-Azure-Storage-Resource-Provider/1.0,Microsoft-HTTPAPI/2.0
          Microsoft-HTTPAPI/2.0']
      strict-transport-security: [max-age=31536000; includeSubDomains]
      x-content-type-options: [nosniff]
      x-ms-ratelimit-remaining-subscription-writes: ['1199']
    status: {code: 202, message: Accepted}
- request:
    body: null
    headers:
      Accept: [application/json]
      Accept-Encoding: ['gzip, deflate']
      CommandName: [storage account create]
      Connection: [keep-alive]
      User-Agent: [python/3.7.0 (Windows-10-10.0.17134-SP0) requests/2.19.1 msrest/0.5.4
          msrest_azure/0.4.34 azure-mgmt-storage/2.0.0rc4 Azure-SDK-For-Python AZURECLI/2.0.46]
    method: GET
    uri: https://management.azure.com/subscriptions/00000000-0000-0000-0000-000000000000/providers/Microsoft.Storage/locations/westus/asyncoperations/606f1d3b-dd8d-4be5-ae1d-90d5a6eb98b4?monitor=true&api-version=2018-03-01-preview
  response:
    body: {string: '{"sku":{"name":"Standard_LRS","tier":"Standard"},"kind":"Storage","id":"/subscriptions/00000000-0000-0000-0000-000000000000/resourceGroups/clitest.rg000001/providers/Microsoft.Storage/storageAccounts/clitest000002","name":"clitest000002","type":"Microsoft.Storage/storageAccounts","location":"westus","tags":{},"properties":{"isHnsEnabled":false,"networkAcls":{"bypass":"AzureServices","virtualNetworkRules":[],"ipRules":[],"defaultAction":"Allow"},"trustedDirectories":["479473dc-cfef-474c-ba12-cba2854af0f6"],"supportsHttpsTrafficOnly":false,"encryption":{"services":{"file":{"enabled":true,"lastEnabledTime":"2018-09-24T16:43:55.2555282Z"},"blob":{"enabled":true,"lastEnabledTime":"2018-09-24T16:43:55.2555282Z"}},"keySource":"Microsoft.Storage"},"provisioningState":"Succeeded","creationTime":"2018-09-24T16:43:55.1462077Z","primaryEndpoints":{"blob":"https://clitest000002.blob.core.windows.net/","queue":"https://clitest000002.queue.core.windows.net/","table":"https://clitest000002.table.core.windows.net/","file":"https://clitest000002.file.core.windows.net/"},"primaryLocation":"westus","statusOfPrimary":"available"}}'}
    headers:
      cache-control: [no-cache]
      content-length: ['1252']
      content-type: [application/json]
      date: ['Mon, 24 Sep 2018 16:44:13 GMT']
      expires: ['-1']
      pragma: [no-cache]
      server: ['Microsoft-Azure-Storage-Resource-Provider/1.0,Microsoft-HTTPAPI/2.0
          Microsoft-HTTPAPI/2.0']
      strict-transport-security: [max-age=31536000; includeSubDomains]
      transfer-encoding: [chunked]
      vary: [Accept-Encoding]
      x-content-type-options: [nosniff]
    status: {code: 200, message: OK}
- request:
    body: null
    headers:
      Accept: [application/json]
      Accept-Encoding: ['gzip, deflate']
      CommandName: [storage account keys list]
      Connection: [keep-alive]
      Content-Length: ['0']
      Content-Type: [application/json; charset=utf-8]
      User-Agent: [python/3.7.0 (Windows-10-10.0.17134-SP0) requests/2.19.1 msrest/0.5.4
          msrest_azure/0.4.34 azure-mgmt-storage/2.0.0rc4 Azure-SDK-For-Python AZURECLI/2.0.46]
      accept-language: [en-US]
    method: POST
    uri: https://management.azure.com/subscriptions/00000000-0000-0000-0000-000000000000/resourceGroups/clitest.rg000001/providers/Microsoft.Storage/storageAccounts/clitest000002/listKeys?api-version=2018-03-01-preview
  response:
    body: {string: '{"keys":[{"keyName":"key1","value":"4gf/ii3E2YWB9TQBi5I5oMkH5igXIpQjN/7rcHwgWICVq/QqlyjAnMuyeKC+LNvz8lQYpyu+G2Tezp3DFJ+ecg==","permissions":"FULL"},{"keyName":"key2","value":"RJNX63tAemSUJKFDkmS+gV9ammUaeN5OfLdFk0aiaJ7kQhXtM6vLMhc+JML2S/E35t+yvDm38j50nrDS9lZ2/A==","permissions":"FULL"}]}'}
    headers:
      cache-control: [no-cache]
      content-length: ['288']
      content-type: [application/json]
      date: ['Mon, 24 Sep 2018 16:44:15 GMT']
      expires: ['-1']
      pragma: [no-cache]
      server: ['Microsoft-Azure-Storage-Resource-Provider/1.0,Microsoft-HTTPAPI/2.0
          Microsoft-HTTPAPI/2.0']
      strict-transport-security: [max-age=31536000; includeSubDomains]
      transfer-encoding: [chunked]
      vary: [Accept-Encoding]
      x-content-type-options: [nosniff]
      x-ms-ratelimit-remaining-subscription-writes: ['1199']
    status: {code: 200, message: OK}
- request:
    body: 'b''b\''{"location": "westus2", "properties": {"storageAccounts": [{"id":
      "/subscriptions/00000000-0000-0000-0000-000000000000/resourceGroups/clitest.rg000001/providers/Microsoft.Storage/storageAccounts/clitest000002",
      "type": "Primary"}]}}\'''''
    headers:
      Accept: [application/json]
      Accept-Encoding: ['gzip, deflate']
      CommandName: [ams account create]
      Connection: [keep-alive]
      Content-Length: ['302']
      Content-Type: [application/json; charset=utf-8]
      User-Agent: [python/3.7.0 (Windows-10-10.0.17134-SP0) requests/2.19.1 msrest/0.5.4
          msrest_azure/0.4.34 azure-mgmt-media/1.0.0rc2 Azure-SDK-For-Python AZURECLI/2.0.46]
      accept-language: [en-US]
    method: PUT
    uri: https://management.azure.com/subscriptions/00000000-0000-0000-0000-000000000000/resourceGroups/clitest.rg000001/providers/Microsoft.Media/mediaservices/ams000003?api-version=2018-06-01-preview
  response:
    body: {string: "{\r\n  \"name\":\"ams000003\",\"id\":\"/subscriptions/00000000-0000-0000-0000-000000000000/resourceGroups/clitest.rg000001/providers/Microsoft.Media/mediaservices/ams000003\",\"type\":\"Microsoft.Media/mediaservices\",\"location\":\"West
        US 2\",\"properties\":{\r\n    \"mediaServiceId\":\"30bfe711-e3d8-48fb-91c2-79b65ea22427\",\"storageAccounts\":[\r\n
        \     {\r\n        \"id\":\"/subscriptions/00000000-0000-0000-0000-000000000000/resourceGroups/clitest.rg000001/providers/Microsoft.Storage/storageAccounts/clitest000002\",\"type\":\"Primary\"\r\n
        \     }\r\n    ]\r\n  }\r\n}"}
    headers:
      cache-control: [no-cache]
      content-length: ['665']
      content-type: [application/json; odata.metadata=minimal]
      date: ['Mon, 24 Sep 2018 16:44:18 GMT']
      expires: ['-1']
      odata-version: ['4.0']
      pragma: [no-cache]
      server: [Microsoft-IIS/10.0]
      strict-transport-security: [max-age=31536000; includeSubDomains]
      x-content-type-options: [nosniff]
      x-ms-ratelimit-remaining-subscription-writes: ['1198']
      x-powered-by: [ASP.NET]
    status: {code: 201, message: Created}
- request:
    body: null
    headers:
      Accept: [application/json]
      Accept-Encoding: ['gzip, deflate']
      CommandName: [ams streaming-endpoint create]
      Connection: [keep-alive]
      Content-Type: [application/json; charset=utf-8]
      User-Agent: [python/3.7.0 (Windows-10-10.0.17134-SP0) requests/2.19.1 msrest/0.5.4
          msrest_azure/0.4.34 azure-mgmt-media/1.0.0rc2 Azure-SDK-For-Python AZURECLI/2.0.46]
      accept-language: [en-US]
    method: GET
    uri: https://management.azure.com/subscriptions/00000000-0000-0000-0000-000000000000/resourceGroups/clitest.rg000001/providers/Microsoft.Media/mediaservices/ams000003?api-version=2018-06-01-preview
  response:
    body: {string: "{\r\n  \"name\":\"ams000003\",\"id\":\"/subscriptions/00000000-0000-0000-0000-000000000000/resourceGroups/clitest.rg000001/providers/Microsoft.Media/mediaservices/ams000003\",\"type\":\"Microsoft.Media/mediaservices\",\"location\":\"West
        US 2\",\"properties\":{\r\n    \"mediaServiceId\":\"30bfe711-e3d8-48fb-91c2-79b65ea22427\",\"storageAccounts\":[\r\n
        \     {\r\n        \"id\":\"/subscriptions/00000000-0000-0000-0000-000000000000/resourceGroups/clitest.rg000001/providers/Microsoft.Storage/storageAccounts/clitest000002\",\"type\":\"Primary\"\r\n
        \     }\r\n    ]\r\n  }\r\n}"}
    headers:
      cache-control: [no-cache]
      content-length: ['665']
      content-type: [application/json; odata.metadata=minimal]
      date: ['Mon, 24 Sep 2018 16:44:20 GMT']
      expires: ['-1']
      odata-version: ['4.0']
      pragma: [no-cache]
      server: [Microsoft-IIS/10.0]
      strict-transport-security: [max-age=31536000; includeSubDomains]
      transfer-encoding: [chunked]
      vary: [Accept-Encoding]
      x-content-type-options: [nosniff]
      x-powered-by: [ASP.NET]
    status: {code: 200, message: OK}
- request:
    body: '{"location": "West US 2", "properties": {"accessControl": {}, "cdnEnabled":
      false, "crossSiteAccessPolicies": {}}}'
    headers:
      Accept: [application/json]
      Accept-Encoding: ['gzip, deflate']
      CommandName: [ams streaming-endpoint create]
      Connection: [keep-alive]
      Content-Length: ['114']
      Content-Type: [application/json; charset=utf-8]
      User-Agent: [python/3.7.0 (Windows-10-10.0.17134-SP0) requests/2.19.1 msrest/0.5.4
          msrest_azure/0.4.34 azure-mgmt-media/1.0.0rc2 Azure-SDK-For-Python AZURECLI/2.0.46]
      accept-language: [en-US]
    method: PUT
    uri: https://management.azure.com/subscriptions/00000000-0000-0000-0000-000000000000/resourceGroups/clitest.rg000001/providers/Microsoft.Media/mediaservices/ams000003/streamingEndpoints/strep000004?api-version=2018-06-01-preview
  response:
    body: {string: "{\r\n  \"name\":\"strep000004\",\"id\":\"/subscriptions/00000000-0000-0000-0000-000000000000/resourceGroups/clitest.rg000001/providers/Microsoft.Media/mediaservices/ams000003/streamingendpoints/strep000004\",\"type\":\"Microsoft.Media/mediaservices/streamingEndpoints\",\"location\":\"West
        US 2\",\"tags\":{\r\n    \r\n  },\"properties\":{\r\n    \"description\":\"\",\"scaleUnits\":0,\"availabilitySetName\":null,\"cdnEnabled\":false,\"cdnProvider\":null,\"cdnProfile\":\"\",\"maxCacheAge\":null,\"customHostNames\":[\r\n
        \     \r\n    ],\"accessControl\":{\r\n      \"akamai\":null,\"ip\":null\r\n
        \   },\"crossSiteAccessPolicies\":{\r\n      \"clientAccessPolicy\":null,\"crossDomainPolicy\":null\r\n
        \   },\"hostName\":\"strep000004-ams000003-usw22.streaming.media.azure.net\",\"freeTrialEndTime\":\"0001-01-01T00:00:00Z\",\"provisioningState\":\"InProgress\",\"resourceState\":\"Stopped\",\"created\":\"2018-09-24T16:44:22.5845815Z\",\"lastModified\":\"2018-09-24T16:44:22.5845815Z\"\r\n
        \ }\r\n}"}
    headers:
      azure-asyncoperation: ['https://management.azure.com/subscriptions/00000000-0000-0000-0000-000000000000/resourcegroups/clitest.rg000001/providers/Microsoft.Media/mediaservices/ams000003/streamingendpointoperations/f4d4b808-81bf-4464-ace4-dd3c8bdbbe23?api-version=2018-06-01-preview']
      cache-control: [no-cache]
      content-length: ['965']
      content-type: [application/json; odata.metadata=minimal]
      date: ['Mon, 24 Sep 2018 16:44:22 GMT']
      expires: ['-1']
      location: ['https://management.azure.com/subscriptions/00000000-0000-0000-0000-000000000000/resourcegroups/clitest.rg000001/providers/Microsoft.Media/mediaservices/ams000003/streamingendpointoperations/f4d4b808-81bf-4464-ace4-dd3c8bdbbe23?api-version=2018-06-01-preview']
      odata-version: ['4.0']
      pragma: [no-cache]
      server: [Microsoft-IIS/10.0]
      strict-transport-security: [max-age=31536000; includeSubDomains]
      x-content-type-options: [nosniff]
      x-ms-ratelimit-remaining-subscription-writes: ['1198']
      x-powered-by: [ASP.NET]
    status: {code: 202, message: Accepted}
- request:
    body: null
    headers:
      Accept: [application/json]
      Accept-Encoding: ['gzip, deflate']
      CommandName: [ams streaming-endpoint create]
      Connection: [keep-alive]
      User-Agent: [python/3.7.0 (Windows-10-10.0.17134-SP0) requests/2.19.1 msrest/0.5.4
          msrest_azure/0.4.34 azure-mgmt-media/1.0.0rc2 Azure-SDK-For-Python AZURECLI/2.0.46]
    method: GET
    uri: https://management.azure.com/subscriptions/00000000-0000-0000-0000-000000000000/resourcegroups/clitest.rg000001/providers/Microsoft.Media/mediaservices/ams000003/streamingendpointoperations/f4d4b808-81bf-4464-ace4-dd3c8bdbbe23?api-version=2018-06-01-preview
  response:
    body: {string: "{\r\n  \"name\":\"f4d4b808-81bf-4464-ace4-dd3c8bdbbe23\",\"status\":\"Succeeded\",\"error\":{\r\n
        \   \"code\":\"None\",\"message\":null,\"target\":\"c103db55-be64-4466-b1e0-33f8c8fe2506\"\r\n
        \ }\r\n}"}
    headers:
      azure-asyncoperation: ['https://management.azure.com/subscriptions/00000000-0000-0000-0000-000000000000/resourcegroups/clitest.rg000001/providers/Microsoft.Media/mediaservices/ams000003/streamingendpointoperations/f4d4b808-81bf-4464-ace4-dd3c8bdbbe23?api-version=2018-06-01-preview']
      cache-control: [no-cache]
      content-length: ['171']
      content-type: [application/json; odata.metadata=minimal]
      date: ['Mon, 24 Sep 2018 16:44:25 GMT']
      expires: ['-1']
      location: ['https://management.azure.com/subscriptions/00000000-0000-0000-0000-000000000000/resourcegroups/clitest.rg000001/providers/Microsoft.Media/mediaservices/ams000003/streamingendpointoperations/f4d4b808-81bf-4464-ace4-dd3c8bdbbe23?api-version=2018-06-01-preview']
      odata-version: ['4.0']
      pragma: [no-cache]
      server: [Microsoft-IIS/10.0]
      strict-transport-security: [max-age=31536000; includeSubDomains]
      transfer-encoding: [chunked]
      vary: [Accept-Encoding]
      x-content-type-options: [nosniff]
      x-powered-by: [ASP.NET]
    status: {code: 200, message: OK}
- request:
    body: null
    headers:
      Accept: [application/json]
      Accept-Encoding: ['gzip, deflate']
      CommandName: [ams streaming-endpoint create]
      Connection: [keep-alive]
      User-Agent: [python/3.7.0 (Windows-10-10.0.17134-SP0) requests/2.19.1 msrest/0.5.4
          msrest_azure/0.4.34 azure-mgmt-media/1.0.0rc2 Azure-SDK-For-Python AZURECLI/2.0.46]
    method: GET
    uri: https://management.azure.com/subscriptions/00000000-0000-0000-0000-000000000000/resourceGroups/clitest.rg000001/providers/Microsoft.Media/mediaservices/ams000003/streamingEndpoints/strep000004?api-version=2018-06-01-preview
  response:
    body: {string: "{\r\n  \"name\":\"strep000004\",\"id\":\"/subscriptions/00000000-0000-0000-0000-000000000000/resourceGroups/clitest.rg000001/providers/Microsoft.Media/mediaservices/ams000003/streamingendpoints/strep000004\",\"type\":\"Microsoft.Media/mediaservices/streamingEndpoints\",\"location\":\"West
        US 2\",\"tags\":{\r\n    \r\n  },\"properties\":{\r\n    \"description\":\"\",\"scaleUnits\":0,\"availabilitySetName\":null,\"cdnEnabled\":false,\"cdnProvider\":null,\"cdnProfile\":\"\",\"maxCacheAge\":null,\"customHostNames\":[\r\n
        \     \r\n    ],\"accessControl\":null,\"crossSiteAccessPolicies\":null,\"hostName\":\"strep000004-ams000003-usw22.streaming.media.azure.net\",\"freeTrialEndTime\":\"0001-01-01T00:00:00Z\",\"provisioningState\":\"Succeeded\",\"resourceState\":\"Stopped\",\"created\":\"2018-09-24T16:44:22.6158023Z\",\"lastModified\":\"2018-09-24T16:44:22.6158023Z\"\r\n
        \ }\r\n}"}
    headers:
      cache-control: [no-cache]
      content-length: ['867']
      content-type: [application/json; odata.metadata=minimal]
      date: ['Mon, 24 Sep 2018 16:44:26 GMT']
      expires: ['-1']
      odata-version: ['4.0']
      pragma: [no-cache]
      server: [Microsoft-IIS/10.0]
      strict-transport-security: [max-age=31536000; includeSubDomains]
      transfer-encoding: [chunked]
      vary: [Accept-Encoding]
      x-content-type-options: [nosniff]
      x-powered-by: [ASP.NET]
    status: {code: 200, message: OK}
- request:
    body: null
    headers:
      Accept: [application/json]
      Accept-Encoding: ['gzip, deflate']
      CommandName: [ams streaming-endpoint akamai add]
      Connection: [keep-alive]
      Content-Type: [application/json; charset=utf-8]
      User-Agent: [python/3.7.0 (Windows-10-10.0.17134-SP0) requests/2.19.1 msrest/0.5.4
          msrest_azure/0.4.34 azure-mgmt-media/1.0.0rc2 Azure-SDK-For-Python AZURECLI/2.0.46]
      accept-language: [en-US]
    method: GET
    uri: https://management.azure.com/subscriptions/00000000-0000-0000-0000-000000000000/resourceGroups/clitest.rg000001/providers/Microsoft.Media/mediaservices/ams000003/streamingEndpoints/strep000004?api-version=2018-06-01-preview
  response:
    body: {string: "{\r\n  \"name\":\"strep000004\",\"id\":\"/subscriptions/00000000-0000-0000-0000-000000000000/resourceGroups/clitest.rg000001/providers/Microsoft.Media/mediaservices/ams000003/streamingendpoints/strep000004\",\"type\":\"Microsoft.Media/mediaservices/streamingEndpoints\",\"location\":\"West
        US 2\",\"tags\":{\r\n    \r\n  },\"properties\":{\r\n    \"description\":\"\",\"scaleUnits\":0,\"availabilitySetName\":null,\"cdnEnabled\":false,\"cdnProvider\":null,\"cdnProfile\":\"\",\"maxCacheAge\":null,\"customHostNames\":[\r\n
        \     \r\n    ],\"accessControl\":null,\"crossSiteAccessPolicies\":null,\"hostName\":\"strep000004-ams000003-usw22.streaming.media.azure.net\",\"freeTrialEndTime\":\"0001-01-01T00:00:00Z\",\"provisioningState\":\"Succeeded\",\"resourceState\":\"Stopped\",\"created\":\"2018-09-24T16:44:22.6158023Z\",\"lastModified\":\"2018-09-24T16:44:22.6158023Z\"\r\n
        \ }\r\n}"}
    headers:
      cache-control: [no-cache]
      content-length: ['867']
      content-type: [application/json; odata.metadata=minimal]
      date: ['Mon, 24 Sep 2018 16:44:28 GMT']
      expires: ['-1']
      odata-version: ['4.0']
      pragma: [no-cache]
      server: [Microsoft-IIS/10.0]
      strict-transport-security: [max-age=31536000; includeSubDomains]
      transfer-encoding: [chunked]
      vary: [Accept-Encoding]
      x-content-type-options: [nosniff]
      x-powered-by: [ASP.NET]
    status: {code: 200, message: OK}
- request:
    body: '{"tags": {}, "location": "West US 2", "properties": {"description": "",
      "scaleUnits": 0, "accessControl": {"akamai": {"akamaiSignatureHeaderAuthenticationKeyList":
      [{"identifier": "id1", "base64Key": "dGVzdGlkMQ==", "expiration": "2031-01-01T00:00:00.000Z"}]}},
      "customHostNames": [], "cdnEnabled": false, "cdnProfile": ""}}'
    headers:
      Accept: [application/json]
      Accept-Encoding: ['gzip, deflate']
      CommandName: [ams streaming-endpoint akamai add]
      Connection: [keep-alive]
      Content-Length: ['324']
      Content-Type: [application/json; charset=utf-8]
      User-Agent: [python/3.7.0 (Windows-10-10.0.17134-SP0) requests/2.19.1 msrest/0.5.4
          msrest_azure/0.4.34 azure-mgmt-media/1.0.0rc2 Azure-SDK-For-Python AZURECLI/2.0.46]
      accept-language: [en-US]
    method: PATCH
    uri: https://management.azure.com/subscriptions/00000000-0000-0000-0000-000000000000/resourceGroups/clitest.rg000001/providers/Microsoft.Media/mediaservices/ams000003/streamingEndpoints/strep000004?api-version=2018-06-01-preview
  response:
    body: {string: "{\r\n  \"name\":\"strep000004\",\"id\":\"/subscriptions/00000000-0000-0000-0000-000000000000/resourceGroups/clitest.rg000001/providers/Microsoft.Media/mediaservices/ams000003/streamingendpoints/strep000004\",\"type\":\"Microsoft.Media/mediaservices/streamingEndpoints\",\"location\":\"West
        US 2\",\"tags\":{\r\n    \r\n  },\"properties\":{\r\n    \"description\":\"\",\"scaleUnits\":0,\"availabilitySetName\":null,\"cdnEnabled\":false,\"cdnProvider\":null,\"cdnProfile\":\"\",\"maxCacheAge\":null,\"customHostNames\":[\r\n
        \     \r\n    ],\"accessControl\":{\r\n      \"akamai\":{\r\n        \"akamaiSignatureHeaderAuthenticationKeyList\":[\r\n
        \         {\r\n            \"identifier\":\"id1\",\"expiration\":\"2031-01-01T00:00:00Z\",\"base64Key\":\"dGVzdGlkMQ==\"\r\n
        \         }\r\n        ]\r\n      },\"ip\":null\r\n    },\"crossSiteAccessPolicies\":null,\"hostName\":null,\"freeTrialEndTime\":\"0001-01-01T00:00:00Z\",\"provisioningState\":\"Succeeded\",\"resourceState\":null,\"created\":\"0001-01-01T00:00:00Z\",\"lastModified\":\"0001-01-01T00:00:00Z\"\r\n
        \ }\r\n}"}
    headers:
      cache-control: [no-cache]
      content-length: ['1020']
      content-type: [application/json; odata.metadata=minimal]
      date: ['Mon, 24 Sep 2018 16:44:31 GMT']
      expires: ['-1']
      odata-version: ['4.0']
      pragma: [no-cache]
      server: [Microsoft-IIS/10.0]
      strict-transport-security: [max-age=31536000; includeSubDomains]
      transfer-encoding: [chunked]
      vary: [Accept-Encoding]
      x-content-type-options: [nosniff]
      x-ms-ratelimit-remaining-subscription-writes: ['1198']
      x-powered-by: [ASP.NET]
    status: {code: 200, message: OK}
- request:
    body: null
    headers:
      Accept: [application/json]
      Accept-Encoding: ['gzip, deflate']
      CommandName: [ams streaming-endpoint akamai remove]
      Connection: [keep-alive]
      Content-Type: [application/json; charset=utf-8]
      User-Agent: [python/3.7.0 (Windows-10-10.0.17134-SP0) requests/2.19.1 msrest/0.5.4
          msrest_azure/0.4.34 azure-mgmt-media/1.0.0rc2 Azure-SDK-For-Python AZURECLI/2.0.46]
      accept-language: [en-US]
    method: GET
    uri: https://management.azure.com/subscriptions/00000000-0000-0000-0000-000000000000/resourceGroups/clitest.rg000001/providers/Microsoft.Media/mediaservices/ams000003/streamingEndpoints/strep000004?api-version=2018-06-01-preview
  response:
    body: {string: "{\r\n  \"name\":\"strep000004\",\"id\":\"/subscriptions/00000000-0000-0000-0000-000000000000/resourceGroups/clitest.rg000001/providers/Microsoft.Media/mediaservices/ams000003/streamingendpoints/strep000004\",\"type\":\"Microsoft.Media/mediaservices/streamingEndpoints\",\"location\":\"West
        US 2\",\"tags\":{\r\n    \r\n  },\"properties\":{\r\n    \"description\":\"\",\"scaleUnits\":0,\"availabilitySetName\":null,\"cdnEnabled\":false,\"cdnProvider\":null,\"cdnProfile\":\"\",\"maxCacheAge\":null,\"customHostNames\":[\r\n
        \     \r\n    ],\"accessControl\":{\r\n      \"akamai\":{\r\n        \"akamaiSignatureHeaderAuthenticationKeyList\":[\r\n
        \         {\r\n            \"identifier\":\"id1\",\"expiration\":\"2031-01-01T00:00:00Z\",\"base64Key\":\"dGVzdGlkMQ==\"\r\n
        \         }\r\n        ]\r\n      },\"ip\":null\r\n    },\"crossSiteAccessPolicies\":null,\"hostName\":\"strep000004-ams000003-usw22.streaming.media.azure.net\",\"freeTrialEndTime\":\"0001-01-01T00:00:00Z\",\"provisioningState\":\"Succeeded\",\"resourceState\":\"Stopped\",\"created\":\"2018-09-24T16:44:22.6158023Z\",\"lastModified\":\"2018-09-24T16:44:31.0082087Z\"\r\n
        \ }\r\n}"}
    headers:
      cache-control: [no-cache]
      content-length: ['1096']
      content-type: [application/json; odata.metadata=minimal]
      date: ['Mon, 24 Sep 2018 16:44:32 GMT']
      expires: ['-1']
      odata-version: ['4.0']
      pragma: [no-cache]
      server: [Microsoft-IIS/10.0]
      strict-transport-security: [max-age=31536000; includeSubDomains]
      transfer-encoding: [chunked]
      vary: [Accept-Encoding]
      x-content-type-options: [nosniff]
      x-powered-by: [ASP.NET]
    status: {code: 200, message: OK}
- request:
    body: '{"tags": {}, "location": "West US 2", "properties": {"description": "",
      "scaleUnits": 0, "accessControl": {"akamai": {"akamaiSignatureHeaderAuthenticationKeyList":
      []}}, "customHostNames": [], "cdnEnabled": false, "cdnProfile": ""}}'
    headers:
      Accept: [application/json]
      Accept-Encoding: ['gzip, deflate']
      CommandName: [ams streaming-endpoint akamai remove]
      Connection: [keep-alive]
      Content-Length: ['232']
      Content-Type: [application/json; charset=utf-8]
      User-Agent: [python/3.7.0 (Windows-10-10.0.17134-SP0) requests/2.19.1 msrest/0.5.4
          msrest_azure/0.4.34 azure-mgmt-media/1.0.0rc2 Azure-SDK-For-Python AZURECLI/2.0.46]
      accept-language: [en-US]
    method: PATCH
    uri: https://management.azure.com/subscriptions/00000000-0000-0000-0000-000000000000/resourceGroups/clitest.rg000001/providers/Microsoft.Media/mediaservices/ams000003/streamingEndpoints/strep000004?api-version=2018-06-01-preview
  response:
    body: {string: "{\r\n  \"name\":\"strep000004\",\"id\":\"/subscriptions/00000000-0000-0000-0000-000000000000/resourceGroups/clitest.rg000001/providers/Microsoft.Media/mediaservices/ams000003/streamingendpoints/strep000004\",\"type\":\"Microsoft.Media/mediaservices/streamingEndpoints\",\"location\":\"West
        US 2\",\"tags\":{\r\n    \r\n  },\"properties\":{\r\n    \"description\":\"\",\"scaleUnits\":0,\"availabilitySetName\":null,\"cdnEnabled\":false,\"cdnProvider\":null,\"cdnProfile\":\"\",\"maxCacheAge\":null,\"customHostNames\":[\r\n
        \     \r\n    ],\"accessControl\":{\r\n      \"akamai\":{\r\n        \"akamaiSignatureHeaderAuthenticationKeyList\":[\r\n
        \         \r\n        ]\r\n      },\"ip\":null\r\n    },\"crossSiteAccessPolicies\":null,\"hostName\":null,\"freeTrialEndTime\":\"0001-01-01T00:00:00Z\",\"provisioningState\":\"Succeeded\",\"resourceState\":null,\"created\":\"0001-01-01T00:00:00Z\",\"lastModified\":\"0001-01-01T00:00:00Z\"\r\n
        \ }\r\n}"}
    headers:
      cache-control: [no-cache]
      content-length: ['911']
      content-type: [application/json; odata.metadata=minimal]
      date: ['Mon, 24 Sep 2018 16:44:34 GMT']
      expires: ['-1']
      odata-version: ['4.0']
      pragma: [no-cache]
      server: [Microsoft-IIS/10.0]
      strict-transport-security: [max-age=31536000; includeSubDomains]
      transfer-encoding: [chunked]
      vary: [Accept-Encoding]
      x-content-type-options: [nosniff]
      x-ms-ratelimit-remaining-subscription-writes: ['1198']
      x-powered-by: [ASP.NET]
    status: {code: 200, message: OK}
- request:
    body: null
    headers:
      Accept: [application/json]
      Accept-Encoding: ['gzip, deflate']
      CommandName: [ams streaming-endpoint delete]
      Connection: [keep-alive]
      Content-Length: ['0']
      Content-Type: [application/json; charset=utf-8]
      User-Agent: [python/3.7.0 (Windows-10-10.0.17134-SP0) requests/2.19.1 msrest/0.5.4
          msrest_azure/0.4.34 azure-mgmt-media/1.0.0rc2 Azure-SDK-For-Python AZURECLI/2.0.46]
      accept-language: [en-US]
    method: DELETE
    uri: https://management.azure.com/subscriptions/00000000-0000-0000-0000-000000000000/resourceGroups/clitest.rg000001/providers/Microsoft.Media/mediaservices/ams000003/streamingEndpoints/strep000004?api-version=2018-06-01-preview
  response:
    body: {string: ''}
    headers:
      azure-asyncoperation: ['https://management.azure.com/subscriptions/00000000-0000-0000-0000-000000000000/resourcegroups/clitest.rg000001/providers/Microsoft.Media/mediaservices/ams000003/streamingendpointoperations/e777dd78-3590-4fa0-a86a-7db650929ee5?api-version=2018-06-01-preview']
      cache-control: [no-cache]
      content-length: ['0']
      date: ['Mon, 24 Sep 2018 16:44:36 GMT']
      expires: ['-1']
      location: ['https://management.azure.com/subscriptions/00000000-0000-0000-0000-000000000000/resourcegroups/clitest.rg000001/providers/Microsoft.Media/mediaservices/ams000003/streamingendpointoperations/e777dd78-3590-4fa0-a86a-7db650929ee5?api-version=2018-06-01-preview']
      pragma: [no-cache]
      server: [Microsoft-IIS/10.0]
      strict-transport-security: [max-age=31536000; includeSubDomains]
      x-content-type-options: [nosniff]
      x-ms-ratelimit-remaining-subscription-deletes: ['14999']
      x-powered-by: [ASP.NET]
    status: {code: 202, message: Accepted}
- request:
    body: null
    headers:
      Accept: [application/json]
      Accept-Encoding: ['gzip, deflate']
      CommandName: [ams streaming-endpoint delete]
      Connection: [keep-alive]
      User-Agent: [python/3.7.0 (Windows-10-10.0.17134-SP0) requests/2.19.1 msrest/0.5.4
          msrest_azure/0.4.34 azure-mgmt-media/1.0.0rc2 Azure-SDK-For-Python AZURECLI/2.0.46]
    method: GET
    uri: https://management.azure.com/subscriptions/00000000-0000-0000-0000-000000000000/resourcegroups/clitest.rg000001/providers/Microsoft.Media/mediaservices/ams000003/streamingendpointoperations/e777dd78-3590-4fa0-a86a-7db650929ee5?api-version=2018-06-01-preview
  response:
    body: {string: "{\r\n  \"name\":\"e777dd78-3590-4fa0-a86a-7db650929ee5\",\"status\":\"Succeeded\",\"error\":{\r\n
        \   \"code\":\"None\",\"message\":null,\"target\":\"c103db55-be64-4466-b1e0-33f8c8fe2506\"\r\n
        \ }\r\n}"}
    headers:
      azure-asyncoperation: ['https://management.azure.com/subscriptions/00000000-0000-0000-0000-000000000000/resourcegroups/clitest.rg000001/providers/Microsoft.Media/mediaservices/ams000003/streamingendpointoperations/e777dd78-3590-4fa0-a86a-7db650929ee5?api-version=2018-06-01-preview']
      cache-control: [no-cache]
      content-length: ['171']
      content-type: [application/json; odata.metadata=minimal]
      date: ['Mon, 24 Sep 2018 16:44:39 GMT']
      expires: ['-1']
      location: ['https://management.azure.com/subscriptions/00000000-0000-0000-0000-000000000000/resourcegroups/clitest.rg000001/providers/Microsoft.Media/mediaservices/ams000003/streamingendpointoperations/e777dd78-3590-4fa0-a86a-7db650929ee5?api-version=2018-06-01-preview']
      odata-version: ['4.0']
      pragma: [no-cache]
      server: [Microsoft-IIS/10.0]
      strict-transport-security: [max-age=31536000; includeSubDomains]
      transfer-encoding: [chunked]
      vary: [Accept-Encoding]
      x-content-type-options: [nosniff]
      x-powered-by: [ASP.NET]
    status: {code: 200, message: OK}
- request:
    body: null
    headers:
      Accept: [application/json]
      Accept-Encoding: ['gzip, deflate']
      CommandName: [group delete]
      Connection: [keep-alive]
      Content-Length: ['0']
      Content-Type: [application/json; charset=utf-8]
      User-Agent: [python/3.7.0 (Windows-10-10.0.17134-SP0) requests/2.19.1 msrest/0.5.4
          msrest_azure/0.4.34 resourcemanagementclient/2.0.0 Azure-SDK-For-Python
          AZURECLI/2.0.46]
      accept-language: [en-US]
    method: DELETE
    uri: https://management.azure.com/subscriptions/00000000-0000-0000-0000-000000000000/resourcegroups/clitest.rg000001?api-version=2018-05-01
  response:
    body: {string: ''}
    headers:
      cache-control: [no-cache]
      content-length: ['0']
      date: ['Mon, 24 Sep 2018 16:44:42 GMT']
      expires: ['-1']
      location: ['https://management.azure.com/subscriptions/00000000-0000-0000-0000-000000000000/operationresults/eyJqb2JJZCI6IlJFU09VUkNFR1JPVVBERUxFVElPTkpPQi1DTElURVNUOjJFUkdFSkFLVDRIVUpWNlEzUUZDTjJMRjJCRFBaVFFZRElGUkFNT3wxNTlGMjBERjNDRkJGMkE4LVdFU1RVUyIsImpvYkxvY2F0aW9uIjoid2VzdHVzIn0?api-version=2018-05-01']
      pragma: [no-cache]
      strict-transport-security: [max-age=31536000; includeSubDomains]
      x-content-type-options: [nosniff]
      x-ms-ratelimit-remaining-subscription-deletes: ['14999']
    status: {code: 202, message: Accepted}
version: 1
